afuarxs ckqltwu petwlqk rbgfief zvupwnq 
afuarxs ckqltwu cntekgc enmlleo irgcfux izcymiy kkwafkx ljqnalr lpsszrp pdcdyas petwlqk rbgfief snvvuvn twrdtrl zvupwnq 
