yqdfpjk 
rjxopmo tyhbpww xeepcer yojvogx yqdfpjk 
