<vacio> 


czvkllg dsqlhol evgcgzn gvwotvq metwmhz niqmhfn nuuivar rqrbobu vwtgxwy xzufbjs ygszqle zbuayud 

FALSE 
cqrkmhp czvkllg dsqlhol evgcgzn gvwotvq metwmhz niqmhfn nuuivar nxuifaw rqrbobu vwtgxwy xzufbjs ygszqle zbuayud 
cqrkmhp czvkllg dlsvuzc dsqlhol evgcgzn ezlydoy gvwotvq ifxbihz ljojosx metwmhz mgjtniq niqmhfn nuuivar nxuifaw qhjwpju qsicseg rqrbobu uilallg uozgwds vwtgxwy wuahzxu xzufbjs ygszqle zbuayud 
FALSE 

amueiwx cqrkmhp czvkllg dlsvuzc dsqlhol ejtwwxn evgcgzn ezlydoy gfvjjjv gvwotvq hhdtgcx hidzoqu ifxbihz igvplng kwsvyci ljojosx meijnpe metwmhz mgjtniq niqmhfn nqxisqz nuuivar nxuifaw pmymcps qasjtbu qhjwpju qsicseg qzhoulw rqrbobu snuldvs uilallg uozgwds vwtgxwy wuahzxu xzufbjs ygszqle zbuayud 
FALSE 
aktrzwg amueiwx cqrkmhp czvkllg dlsvuzc dsqlhol ejtwwxn eqnrecj evgcgzn ezlydoy gfvjjjv gvwotvq gzeozwh hhdtgcx hidzoqu ifxbihz igvplng kcqzwhg kgjnlwo kwsvyci ljojosx meijnpe metwmhz mgjtniq nghfprr niqmhfn nqxisqz nuuivar nxuifaw pmymcps pvlgjka qasjtbu qhjwpju qlwvyed qsicseg qzhoulw rqrbobu snuldvs uilallg uozgwds vwtgxwy wuahzxu xzufbjs ygszqle zbuayud 

aktrzwg amueiwx cqrkmhp czvkllg dlsvuzc dsqlhol ejtwwxn eqnrecj evgcgzn ezlydoy gfvjjjv gvwotvq gzeozwh hhdtgcx hidzoqu ifxbihz igvplng kcqzwhg kgjnlwo kwsvyci ljojosx meijnpe metwmhz mgjtniq nghfprr niqmhfn nqxisqz nuuivar nxuifaw pmymcps pvlgjka qasjtbu qhjwpju qlwvyed qsicseg qzhoulw rqrbobu snuldvs uilallg uozgwds vwtgxwy wfxftxm wuahzxu xzufbjs ygszqle zbuayud 


FALSE 
absroaq aktrzwg amueiwx avbgjnl cqrkmhp czvkllg dlsvuzc dsqlhol ejtwwxn eqnrecj evgcgzn eyjrfjt ezlydoy gfvjjjv gvwotvq gzeozwh hhdtgcx hidzoqu ifxbihz igvplng izxplgf kcqzwhg kgjnlwo kwsvyci ljojosx meijnpe metwmhz mgjtniq mlyztin nghfprr niqmhfn nqxisqz nuuivar nxuifaw pmymcps pvlgjka qasjtbu qfkmxyn qhjwpju qlwvyed qsicseg qzhoulw rqrbobu snuldvs uilallg uozgwds vwtgxwy wfxftxm wuahzxu xzufbjs ygszqle zbuayud 
absroaq aktrzwg amueiwx avbgjnl cqrkmhp czvkllg dlsvuzc dsqlhol ejtwwxn eqnrecj evgcgzn eyjrfjt ezlydoy gfvjjjv gvwotvq gzeozwh hhdtgcx hidzoqu hqysauo ifxbihz igvplng izxplgf kcqzwhg kgjnlwo kwsvyci ljojosx meijnpe metwmhz mgjtniq mlyztin nghfprr niqmhfn nqxisqz nuuivar nxuifaw pmymcps pvlgjka qasjtbu qfkmxyn qhjwpju qlwvyed qsicseg qzhoulw rqrbobu snuldvs uilallg uozgwds vwtgxwy wfxftxm wuahzxu xzufbjs ygszqle zbuayud 
absroaq aktrzwg amueiwx avbgjnl cqrkmhp czvkllg dlsvuzc dsqlhol ejtwwxn eqnrecj evgcgzn eyjrfjt ezlydoy gfvjjjv gvwotvq gzeozwh hhdtgcx hidzoqu hqysauo ifxbihz igvplng irfjwwm izxplgf kcqzwhg kgjnlwo kwsvyci ljojosx meijnpe metwmhz mgjtniq mlyztin mykbybp nghfprr niqmhfn nqxisqz nuuivar nxuifaw pmymcps pvlgjka qasjtbu qfkmxyn qhjwpju qlwvyed qsicseg qzhoulw rqrbobu snuldvs uilallg uozgwds vwtgxwy wfxftxm wuahzxu xzufbjs ygszqle zbuayud 
qzhoulw 

111.598493 


111.592953 
xkfjgzv ykpswph zlvrpbz 

liwtgeq 
FALSE 

FALSE 
absroaq aktrzwg amueiwx avbgjnl avxoljv cesajzx cjwfyxy clopxsf cqrkmhp czvkllg davxcyi dlsvuzc dsqlhol dzeiwnx ejtwwxn eqnrecj evgcgzn eyjrfjt ezlydoy fbotqlh fdqqffz fiyreuu fwlbguo gfvjjjv ggjzjhx gvwotvq gzeozwh hhdtgcx hibqrpe hidzoqu hjeazle hqysauo hyfunmy ifxbihz igvplng inaagea irfjwwm izxplgf kcqzwhg kgjnlwo kwsvyci laahdsp lcfrmxu liwtgeq ljojosx llribnz lvtonqc meijnpe metwmhz mgjtniq mlyztin mykbybp nghfprr niqmhfn nlyalgz nqxisqz nuuivar nwlvvhb nxuifaw pcpqbyv pmymcps prkxxjr puayuge pvlgjka qasjtbu qfkmxyn qhjwpju qlwvyed qsicseg qxxtkzi qzhoulw rkeqiwl rmlxevc rqrbobu snuldvs tbbakxw ucdvqkj uilallg uozgwds usdpkgm uthxtts vvplylh vvrsgis vwtgxwy wdiuepm wfxftxm wkzbrjf wuahzxu xkfjgzv xsxtmma xuduvjh xzufbjs yatjete yfkyvbx ygszqle ykpswph yvscecd zbuayud zlvrpbz znaiere zofcfnh 
111.450174 
