wxscqyv 
dnlqhsp hjiujxx rqvflob wxscqyv 
dnlqhsp hjiujxx rqvflob wxscqyv 
FALSE 
FALSE 
