fbucmwh iwuzdxn jsetrde kincsqi mtneusw nhazwhi oekcriz pcctwha rnhufch uujydiw xpkzugp ylfselx 
