fugeucx qwxhoyu tohldyr 
dqxrqdx fugeucx fzwytfg itamjsd noghqsk qwxhoyu tohldyr 
